2026-07-22 14:30:17,909 [INFO] [1/1] Reading: complete_beam.XLS
2026-07-22 14:30:18,517 [INFO] Finished ingesting 21,264 rows into complete_beam
2026-07-22 14:30:18,521 [INFO] [1/1] Reading: start_beam.xlsx
2026-07-22 14:30:18,914 [INFO] Finished ingesting 376 rows into start_beam
2026-07-22 15:07:26,341 [INFO] [1/1] Reading: complete_beam.XLS
2026-07-22 15:07:26,974 [INFO] Finished ingesting 21,264 rows into complete_beam
2026-07-22 15:07:26,978 [INFO] [1/1] Reading: start_beam.xlsx
2026-07-22 15:07:27,367 [INFO] Finished ingesting 376 rows into start_beam
2026-07-22 15:07:27,368 [INFO] [1/1] Reading: textile_days.xlsx
2026-07-22 15:07:28,882 [INFO] Finished ingesting 44,296 rows into textile_days
2026-07-24 13:42:03,744 [INFO] [1/1] Reading: complete_beam.XLS
2026-07-24 14:23:32,224 [INFO] [1/1] Reading: complete_beam.XLS
2026-07-24 14:23:32,799 [INFO] Finished ingesting 21,264 rows into raw_complete_beam using upsert mode
2026-07-24 14:23:32,801 [INFO] [1/1] Reading: start_beam.xlsx
2026-07-24 14:23:33,304 [INFO] Finished ingesting 376 rows into raw_start_beam using replace mode
2026-07-24 14:23:33,306 [INFO] [1/1] Reading: textile_days.xlsx
2026-07-24 14:23:34,807 [INFO] Finished ingesting 42,552 rows into raw_textile_days using upsert mode
2026-07-24 14:25:32,253 [INFO] Reading raw_complete_beam source file: complete_beam.XLS
2026-07-24 14:25:32,818 [INFO] Finished ingesting 21,264 rows into raw_complete_beam using upsert mode
2026-07-24 14:25:32,820 [INFO] Reading raw_start_beam source file: start_beam.xlsx
2026-07-24 14:25:33,216 [INFO] Finished ingesting 376 rows into raw_start_beam using replace mode
2026-07-24 14:25:33,217 [INFO] Reading raw_textile_days source file: textile_days.xlsx
2026-07-24 14:25:34,623 [INFO] Finished ingesting 42,552 rows into raw_textile_days using upsert mode
2026-07-24 14:28:20,382 [INFO] Reading raw_complete_beam source file: complete_beam.XLS
2026-07-24 14:28:20,946 [INFO] Processed 21,264 source rows into raw_complete_beam using upsert mode (table rows: 21,264 -> 21,264)
2026-07-24 14:28:20,948 [INFO] Reading raw_start_beam source file: start_beam.xlsx
2026-07-24 14:28:21,310 [INFO] Processed 376 source rows into raw_start_beam using replace mode (table rows: 376 -> 376)
2026-07-24 14:28:21,313 [INFO] Reading raw_textile_days source file: textile_days.xlsx
2026-07-24 14:28:22,717 [INFO] Processed 42,552 source rows into raw_textile_days using upsert mode (table rows: 44,296 -> 44,296)
2026-07-24 14:30:05,386 [INFO] Reading raw_complete_beam source file: complete_beam.XLS
2026-07-24 14:30:06,010 [INFO] Processed 21,264 source rows into raw_complete_beam using upsert mode (new: 0, updated: 21,264, unchanged: 0, table rows: 21,264 -> 21,264)
2026-07-24 14:30:06,012 [INFO] Reading raw_start_beam source file: start_beam.xlsx
2026-07-24 14:30:06,360 [INFO] Processed 376 source rows into raw_start_beam using replace mode (new: 376, updated: 0, unchanged: 0, table rows: 376 -> 376)
2026-07-24 14:30:06,361 [INFO] Reading raw_textile_days source file: textile_days.xlsx
2026-07-24 14:30:07,784 [INFO] Processed 42,552 source rows into raw_textile_days using upsert mode (new: 0, updated: 44,296, unchanged: 0, table rows: 44,296 -> 44,296)
2026-07-24 14:31:46,536 [INFO] Reading raw_complete_beam source file: complete_beam.XLS
2026-07-24 14:31:47,142 [INFO] Processed 21,264 source rows into raw_complete_beam using upsert mode (table rows: 21,264 -> 21,264)
2026-07-24 14:31:47,144 [INFO] Reading raw_start_beam source file: start_beam.xlsx
2026-07-24 14:31:47,504 [INFO] Processed 376 source rows into raw_start_beam using replace mode (table rows: 376 -> 376)
2026-07-24 14:31:47,505 [INFO] Reading raw_textile_days source file: textile_days.xlsx
2026-07-24 14:31:48,940 [INFO] Processed 42,552 source rows into raw_textile_days using upsert mode (table rows: 44,296 -> 44,296)
2026-07-24 14:32:51,826 [INFO] Reading raw_complete_beam source file: complete_beam.XLS
2026-07-24 14:32:52,429 [INFO] Processed 21,264 source rows into raw_complete_beam using upsert mode
2026-07-24 14:32:52,433 [INFO] Reading raw_start_beam source file: start_beam.xlsx
2026-07-24 14:32:52,808 [INFO] Processed 376 source rows into raw_start_beam using replace mode
2026-07-24 14:32:52,809 [INFO] Reading raw_textile_days source file: textile_days.xlsx
2026-07-24 14:32:54,215 [INFO] Processed 42,552 source rows into raw_textile_days using upsert mode
2026-07-24 16:28:51,925 [INFO] Reading raw_complete_beam source file: complete_beam.XLS
2026-07-25 07:36:39,540 [INFO] Reading raw_complete_beam source file: complete_beam.XLS
2026-07-25 08:03:37,893 [INFO] Reading raw_complete_beam source file: complete_beam.XLS
2026-07-25 08:14:21,710 [INFO] Reading raw_complete_beam source file: complete_beam.XLS
2026-07-25 08:14:22,387 [INFO] Processed 21,264 source rows into raw_complete_beam using append mode
2026-07-25 08:14:22,390 [INFO] Reading raw_start_beam source file: start_beam.xlsx
2026-07-25 08:14:22,885 [INFO] Processed 376 source rows into raw_start_beam using replace mode
2026-07-25 08:14:22,887 [INFO] Reading raw_textile_days source file: textile_days.xlsx
2026-07-25 08:14:24,070 [INFO] Processed 0 source rows into raw_textile_days using append mode
2026-07-25 08:14:32,751 [INFO] Processed 1,011,005 source rows into raw_machine_status using append mode
2026-07-25 08:31:42,595 [INFO] Reading raw_complete_beam source file: complete_beam.XLS
2026-07-25 08:31:43,164 [INFO] Processed 21,264 source rows into raw_complete_beam using append mode
2026-07-25 08:31:43,167 [INFO] Reading raw_start_beam source file: start_beam.xlsx
2026-07-25 08:31:43,501 [INFO] Processed 376 source rows into raw_start_beam using replace mode
2026-07-25 08:31:43,502 [INFO] Reading raw_textile_days source file: textile_days.xlsx
2026-07-25 08:31:44,815 [INFO] Processed 44,296 source rows into raw_textile_days using append mode
2026-07-25 08:31:49,275 [INFO] Processed 483 source rows into raw_machine_status using append mode
2026-07-25 09:56:49,688 [INFO] Reading raw_complete_beam source file: complete_beam.XLS
2026-07-25 09:56:50,111 [INFO] Processed 0 source rows into raw_complete_beam using append mode
2026-07-25 09:56:50,114 [INFO] Reading raw_start_beam source file: start_beam.xlsx
2026-07-25 09:56:50,492 [INFO] Processed 376 source rows into raw_start_beam using replace mode
2026-07-25 09:56:50,493 [INFO] Reading raw_textile_days source file: textile_days.xlsx
2026-07-25 09:56:51,619 [INFO] Processed 0 source rows into raw_textile_days using append mode
2026-07-25 09:57:01,466 [INFO] Processed 2,985 source rows into raw_machine_status using append mode
2026-07-25 09:59:59,639 [INFO] Reading raw_complete_beam source file: complete_beam.XLS
2026-07-25 10:00:00,094 [INFO] Processed 0 source rows into raw_complete_beam using append mode
2026-07-25 10:00:00,098 [INFO] Reading raw_start_beam source file: start_beam.xlsx
2026-07-25 10:00:00,485 [INFO] Processed 376 source rows into raw_start_beam using replace mode
2026-07-25 10:00:00,486 [INFO] Reading raw_textile_days source file: textile_days.xlsx
2026-07-25 10:00:01,911 [INFO] Processed 41,002 source rows into raw_textile_days using append mode
2026-07-25 10:00:11,048 [INFO] Processed 86 source rows into raw_machine_status using append mode
